Info: Starting: Create block symbol file (.bsf)
Info: qsys-generate C:\Users\mande\Desktop\project\Capston\vga\vga.qsys --block-symbol-file --output-directory=C:\Users\mande\Desktop\project\Capston\vga\vga --family="Cyclone IV E" --part=EP4CE115F29C7
Progress: Loading vga/vga.qsys
Progress: Reading input file
Progress: Adding Hough_0 [Hough 1.0]
Progress: Parameterizing module Hough_0
Progress: Adding av_config [altera_up_avalon_audio_and_video_config 18.0]
Progress: Parameterizing module av_config
Progress: Adding canny_0 [canny 1.0]
Progress: Parameterizing module canny_0
Progress: Adding clk_0 [clock_source 23.1]
Progress: Parameterizing module clk_0
Progress: Adding jtag_uart_0 [altera_avalon_jtag_uart 23.1]
Progress: Parameterizing module jtag_uart_0
Progress: Adding nios2_gen2_0 [altera_nios2_gen2 23.1]
Progress: Parameterizing module nios2_gen2_0
Progress: Adding onchip_memory2_0 [altera_avalon_onchip_memory2 23.1]
Progress: Parameterizing module onchip_memory2_0
Progress: Adding red_0 [red 1.0]
Progress: Parameterizing module red_0
Progress: Adding sram [altera_up_avalon_sram 18.0]
Progress: Parameterizing module sram
Progress: Adding vga_controller [altera_up_avalon_video_vga_controller 18.0]
Progress: Parameterizing module vga_controller
Progress: Adding video_chroma_resampler_0 [altera_up_avalon_video_chroma_resampler 18.0]
Progress: Parameterizing module video_chroma_resampler_0
Progress: Adding video_clipper_0 [altera_up_avalon_video_clipper 18.0]
Progress: Parameterizing module video_clipper_0
Progress: Adding video_csc_0 [altera_up_avalon_video_csc 18.0]
Progress: Parameterizing module video_csc_0
Progress: Adding video_decoder [altera_up_avalon_video_decoder 18.0]
Progress: Parameterizing module video_decoder
Progress: Adding video_dma_controller_0 [altera_up_avalon_video_dma_controller 18.0]
Progress: Parameterizing module video_dma_controller_0
Progress: Adding video_dual_clock_buffer_0 [altera_up_avalon_video_dual_clock_buffer 18.0]
Progress: Parameterizing module video_dual_clock_buffer_0
Progress: Adding video_pixel_buffer_dma_0 [altera_up_avalon_video_pixel_buffer_dma 18.0]
Progress: Parameterizing module video_pixel_buffer_dma_0
Progress: Adding video_pll_0 [altera_up_avalon_video_pll 18.0]
Progress: Parameterizing module video_pll_0
Progress: Adding video_rgb_resampler_0 [altera_up_avalon_video_rgb_resampler 18.0]
Progress: Parameterizing module video_rgb_resampler_0
Progress: Adding video_rgb_resampler_1 [altera_up_avalon_video_rgb_resampler 18.0]
Progress: Parameterizing module video_rgb_resampler_1
Progress: Adding video_scaler_0 [altera_up_avalon_video_scaler 18.0]
Progress: Parameterizing module video_scaler_0
Progress: Adding video_scaler_1 [altera_up_avalon_video_scaler 18.0]
Progress: Parameterizing module video_scaler_1
Progress: Building connections
Progress: Parameterizing connections
Progress: Validating
Progress: Done reading input file
Info: vga.jtag_uart_0: JTAG UART IP input clock need to be at least double (2x) the operating frequency of JTAG TCK on board
Warning: vga.nios2_gen2_0: Nios II cores are not recommended for new projects and are subject to removal in a future release. Nios V cores are the recommended replacement as applicable.
Info: vga.vga_controller: Video Output Stream: Format: 640 x 480 with Color: 10 (bits) x 3 (planes) converted to 8 (bits) per color plane
Info: vga.video_chroma_resampler_0: Chroma Resampling: 8 (bits) x 2 (planes) -> 8 (bits) x 3 (planes)
Info: vga.video_clipper_0: Change in Resolution: 720 x 244 -> 640 x 240
Info: vga.video_csc_0: Colour Space Conversion: 8 (bits) x 3 (planes) (444 YCrCb) -> 8 (bits) x 3 (planes) (24-bit RGB)
Info: vga.video_decoder: Video In Stream: Format: 720 x 244 (Odd Frames) or 720 x 243 (Even Frames) with Colour: 8 (bits) x 2 (planes) (YCrCb 4:2:2)
Info: vga.video_rgb_resampler_0: RGB Resampling: 8 (bits) x 3 (planes) -> 16 (bits) x 1 (planes)
Info: vga.video_rgb_resampler_1: RGB Resampling: 16 (bits) x 1 (planes) -> 10 (bits) x 3 (planes)
Info: vga.video_scaler_0: Change in Resolution: 640 x 240 -> 320 x 240
Info: vga.video_scaler_1: Change in Resolution: 320 x 240 -> 640 x 480
Info: vga.video_chroma_resampler_0.avalon_chroma_source/red_0.avalon_streaming_sink: The sink has a empty signal of 2 bits, but the source does not. Avalon-ST Adapter will be inserted.
Info: vga.video_scaler_1.avalon_scaler_source/video_dual_clock_buffer_0.avalon_dc_buffer_sink: The source has a channel signal of 2 bits, but the sink does not. Avalon-ST Adapter will be inserted.
Info: vga.Hough_0.avalon_streaming_source/video_csc_0.avalon_csc_sink: The source has a empty signal of 2 bits, but the sink does not. Avalon-ST Adapter will be inserted.
Info: qsys-generate succeeded.
Info: Finished: Create block symbol file (.bsf)
Info: 
Info: Starting: Create HDL design files for synthesis
Info: qsys-generate C:\Users\mande\Desktop\project\Capston\vga\vga.qsys --synthesis=VERILOG --output-directory=C:\Users\mande\Desktop\project\Capston\vga\vga\synthesis --family="Cyclone IV E" --part=EP4CE115F29C7
Progress: Loading vga/vga.qsys
Progress: Reading input file
Progress: Adding Hough_0 [Hough 1.0]
Progress: Parameterizing module Hough_0
Progress: Adding av_config [altera_up_avalon_audio_and_video_config 18.0]
Progress: Parameterizing module av_config
Progress: Adding canny_0 [canny 1.0]
Progress: Parameterizing module canny_0
Progress: Adding clk_0 [clock_source 23.1]
Progress: Parameterizing module clk_0
Progress: Adding jtag_uart_0 [altera_avalon_jtag_uart 23.1]
Progress: Parameterizing module jtag_uart_0
Progress: Adding nios2_gen2_0 [altera_nios2_gen2 23.1]
Progress: Parameterizing module nios2_gen2_0
Progress: Adding onchip_memory2_0 [altera_avalon_onchip_memory2 23.1]
Progress: Parameterizing module onchip_memory2_0
Progress: Adding red_0 [red 1.0]
Progress: Parameterizing module red_0
Progress: Adding sram [altera_up_avalon_sram 18.0]
Progress: Parameterizing module sram
Progress: Adding vga_controller [altera_up_avalon_video_vga_controller 18.0]
Progress: Parameterizing module vga_controller
Progress: Adding video_chroma_resampler_0 [altera_up_avalon_video_chroma_resampler 18.0]
Progress: Parameterizing module video_chroma_resampler_0
Progress: Adding video_clipper_0 [altera_up_avalon_video_clipper 18.0]
Progress: Parameterizing module video_clipper_0
Progress: Adding video_csc_0 [altera_up_avalon_video_csc 18.0]
Progress: Parameterizing module video_csc_0
Progress: Adding video_decoder [altera_up_avalon_video_decoder 18.0]
Progress: Parameterizing module video_decoder
Progress: Adding video_dma_controller_0 [altera_up_avalon_video_dma_controller 18.0]
Progress: Parameterizing module video_dma_controller_0
Progress: Adding video_dual_clock_buffer_0 [altera_up_avalon_video_dual_clock_buffer 18.0]
Progress: Parameterizing module video_dual_clock_buffer_0
Progress: Adding video_pixel_buffer_dma_0 [altera_up_avalon_video_pixel_buffer_dma 18.0]
Progress: Parameterizing module video_pixel_buffer_dma_0
Progress: Adding video_pll_0 [altera_up_avalon_video_pll 18.0]
Progress: Parameterizing module video_pll_0
Progress: Adding video_rgb_resampler_0 [altera_up_avalon_video_rgb_resampler 18.0]
Progress: Parameterizing module video_rgb_resampler_0
Progress: Adding video_rgb_resampler_1 [altera_up_avalon_video_rgb_resampler 18.0]
Progress: Parameterizing module video_rgb_resampler_1
Progress: Adding video_scaler_0 [altera_up_avalon_video_scaler 18.0]
Progress: Parameterizing module video_scaler_0
Progress: Adding video_scaler_1 [altera_up_avalon_video_scaler 18.0]
Progress: Parameterizing module video_scaler_1
Progress: Building connections
Progress: Parameterizing connections
Progress: Validating
Progress: Done reading input file
Info: vga.jtag_uart_0: JTAG UART IP input clock need to be at least double (2x) the operating frequency of JTAG TCK on board
Warning: vga.nios2_gen2_0: Nios II cores are not recommended for new projects and are subject to removal in a future release. Nios V cores are the recommended replacement as applicable.
Info: vga.vga_controller: Video Output Stream: Format: 640 x 480 with Color: 10 (bits) x 3 (planes) converted to 8 (bits) per color plane
Info: vga.video_chroma_resampler_0: Chroma Resampling: 8 (bits) x 2 (planes) -> 8 (bits) x 3 (planes)
Info: vga.video_clipper_0: Change in Resolution: 720 x 244 -> 640 x 240
Info: vga.video_csc_0: Colour Space Conversion: 8 (bits) x 3 (planes) (444 YCrCb) -> 8 (bits) x 3 (planes) (24-bit RGB)
Info: vga.video_decoder: Video In Stream: Format: 720 x 244 (Odd Frames) or 720 x 243 (Even Frames) with Colour: 8 (bits) x 2 (planes) (YCrCb 4:2:2)
Info: vga.video_rgb_resampler_0: RGB Resampling: 8 (bits) x 3 (planes) -> 16 (bits) x 1 (planes)
Info: vga.video_rgb_resampler_1: RGB Resampling: 16 (bits) x 1 (planes) -> 10 (bits) x 3 (planes)
Info: vga.video_scaler_0: Change in Resolution: 640 x 240 -> 320 x 240
Info: vga.video_scaler_1: Change in Resolution: 320 x 240 -> 640 x 480
Info: vga.video_chroma_resampler_0.avalon_chroma_source/red_0.avalon_streaming_sink: The sink has a empty signal of 2 bits, but the source does not. Avalon-ST Adapter will be inserted.
Info: vga.video_scaler_1.avalon_scaler_source/video_dual_clock_buffer_0.avalon_dc_buffer_sink: The source has a channel signal of 2 bits, but the sink does not. Avalon-ST Adapter will be inserted.
Info: vga.Hough_0.avalon_streaming_source/video_csc_0.avalon_csc_sink: The source has a empty signal of 2 bits, but the sink does not. Avalon-ST Adapter will be inserted.
Info: vga: Generating vga "vga" for QUARTUS_SYNTH
Info: Inserting clock-crossing logic between cmd_demux_002.src4 and cmd_mux_004.sink0
Info: Inserting clock-crossing logic between rsp_demux_004.src0 and rsp_mux_002.sink4
Info: avalon_st_adapter: Inserting data_format_adapter: data_format_adapter_0
Info: avalon_st_adapter_001: Inserting channel_adapter: channel_adapter_0
Info: avalon_st_adapter_002: Inserting data_format_adapter: data_format_adapter_0
Warning: avalon_st_adapter_002.data_format_adapter_0: The symbols per beat on input interface(3) and the output interface(3) match,  but the input interface is using the empty signal, while the output interface is not using the empty signal.  Empty signal data may be lost between the input and the output interface (across this adapter).
Info: Hough_0: "vga" instantiated Hough "Hough_0"
Info: av_config: Starting Generation of Audio and Video Config
Info: av_config: "vga" instantiated altera_up_avalon_audio_and_video_config "av_config"
Info: canny_0: "vga" instantiated canny "canny_0"
Info: jtag_uart_0: Starting RTL generation for module 'vga_jtag_uart_0'
Info: jtag_uart_0:   Generation command is [exec C:/intelfpga_lite/23.1std/quartus/bin64/perl/bin/perl.exe -I C:/intelfpga_lite/23.1std/quartus/bin64/perl/lib -I C:/intelfpga_lite/23.1std/quartus/sopc_builder/bin/europa -I C:/intelfpga_lite/23.1std/quartus/sopc_builder/bin -I C:/intelfpga_lite/23.1std/quartus/../ip/altera/sopc_builder_ip/common -I C:/intelfpga_lite/23.1std/quartus/../ip/altera/sopc_builder_ip/altera_avalon_jtag_uart -- C:/intelfpga_lite/23.1std/quartus/../ip/altera/sopc_builder_ip/altera_avalon_jtag_uart/generate_rtl.pl --name=vga_jtag_uart_0 --dir=C:/Users/mande/AppData/Local/Temp/alt0186_8365476613738172672.dir/0177_jtag_uart_0_gen/ --quartus_dir=C:/intelfpga_lite/23.1std/quartus --verilog --config=C:/Users/mande/AppData/Local/Temp/alt0186_8365476613738172672.dir/0177_jtag_uart_0_gen//vga_jtag_uart_0_component_configuration.pl  --do_build_sim=0  ]
Info: jtag_uart_0: Done RTL generation for module 'vga_jtag_uart_0'
Info: jtag_uart_0: "vga" instantiated altera_avalon_jtag_uart "jtag_uart_0"
Info: nios2_gen2_0: "vga" instantiated altera_nios2_gen2 "nios2_gen2_0"
Info: onchip_memory2_0: Starting RTL generation for module 'vga_onchip_memory2_0'
Info: onchip_memory2_0:   Generation command is [exec C:/intelfpga_lite/23.1std/quartus/bin64/perl/bin/perl.exe -I C:/intelfpga_lite/23.1std/quartus/bin64/perl/lib -I C:/intelfpga_lite/23.1std/quartus/sopc_builder/bin/europa -I C:/intelfpga_lite/23.1std/quartus/sopc_builder/bin -I C:/intelfpga_lite/23.1std/quartus/../ip/altera/sopc_builder_ip/common -I C:/intelfpga_lite/23.1std/quartus/../ip/altera/sopc_builder_ip/altera_avalon_onchip_memory2 -- C:/intelfpga_lite/23.1std/quartus/../ip/altera/sopc_builder_ip/altera_avalon_onchip_memory2/generate_rtl.pl --name=vga_onchip_memory2_0 --dir=C:/Users/mande/AppData/Local/Temp/alt0186_8365476613738172672.dir/0178_onchip_memory2_0_gen/ --quartus_dir=C:/intelfpga_lite/23.1std/quartus --verilog --config=C:/Users/mande/AppData/Local/Temp/alt0186_8365476613738172672.dir/0178_onchip_memory2_0_gen//vga_onchip_memory2_0_component_configuration.pl  --do_build_sim=0  ]
Info: onchip_memory2_0: Done RTL generation for module 'vga_onchip_memory2_0'
Info: onchip_memory2_0: "vga" instantiated altera_avalon_onchip_memory2 "onchip_memory2_0"
Info: red_0: "vga" instantiated red "red_0"
Info: sram: Starting Generation of the SRAM Controller
Info: sram: "vga" instantiated altera_up_avalon_sram "sram"
Info: vga_controller: Starting Generation of VGA Controller
Info: vga_controller: "vga" instantiated altera_up_avalon_video_vga_controller "vga_controller"
Info: video_chroma_resampler_0: Starting Generation of Chroma Resampler
Info: video_chroma_resampler_0: "vga" instantiated altera_up_avalon_video_chroma_resampler "video_chroma_resampler_0"
Info: video_clipper_0: Starting generation of the video clipper
Info: video_clipper_0: "vga" instantiated altera_up_avalon_video_clipper "video_clipper_0"
Info: video_csc_0: Starting Generation of Colour Space Converter
Info: video_csc_0: "vga" instantiated altera_up_avalon_video_csc "video_csc_0"
Info: video_decoder: Starting Generation of Video In Decoder
Info: video_decoder: "vga" instantiated altera_up_avalon_video_decoder "video_decoder"
Info: video_dma_controller_0: Starting Generation of Video DMA Controller
Info: video_dma_controller_0: "vga" instantiated altera_up_avalon_video_dma_controller "video_dma_controller_0"
Info: video_dual_clock_buffer_0: Starting Generation of the Dual Clock Buffer
Info: video_dual_clock_buffer_0: "vga" instantiated altera_up_avalon_video_dual_clock_buffer "video_dual_clock_buffer_0"
Info: video_pixel_buffer_dma_0: Starting Generation of VGA Pixel Buffer
Info: video_pixel_buffer_dma_0: "vga" instantiated altera_up_avalon_video_pixel_buffer_dma "video_pixel_buffer_dma_0"
Info: video_pll_0: "vga" instantiated altera_up_avalon_video_pll "video_pll_0"
Info: video_rgb_resampler_0: Starting Generation of Video RGB Resampler
Info: video_rgb_resampler_0: "vga" instantiated altera_up_avalon_video_rgb_resampler "video_rgb_resampler_0"
Info: video_rgb_resampler_1: Starting Generation of Video RGB Resampler
Info: video_rgb_resampler_1: "vga" instantiated altera_up_avalon_video_rgb_resampler "video_rgb_resampler_1"
Info: video_scaler_0: Starting Generation of Video Scaler
Info: video_scaler_0: "vga" instantiated altera_up_avalon_video_scaler "video_scaler_0"
Info: video_scaler_1: Starting Generation of Video Scaler
Info: video_scaler_1: "vga" instantiated altera_up_avalon_video_scaler "video_scaler_1"
Info: Reusing file C:/Users/mande/Desktop/project/Capston/vga/vga/synthesis/submodules/altera_up_video_scaler_shrink.v
Info: Reusing file C:/Users/mande/Desktop/project/Capston/vga/vga/synthesis/submodules/altera_up_video_scaler_multiply_width.v
Info: Reusing file C:/Users/mande/Desktop/project/Capston/vga/vga/synthesis/submodules/altera_up_video_scaler_multiply_height.v
Info: avalon_st_adapter: Inserting error_adapter: error_adapter_0
Info: avalon_st_adapter_001: Inserting error_adapter: error_adapter_0
Info: avalon_st_adapter_002: Inserting error_adapter: error_adapter_0
Info: avalon_st_adapter_003: Inserting error_adapter: error_adapter_0
Info: avalon_st_adapter_004: Inserting error_adapter: error_adapter_0
Info: avalon_st_adapter_005: Inserting error_adapter: error_adapter_0
Info: avalon_st_adapter_006: Inserting error_adapter: error_adapter_0
Info: avalon_st_adapter_007: Inserting error_adapter: error_adapter_0
Info: avalon_st_adapter_008: Inserting error_adapter: error_adapter_0
Info: mm_interconnect_0: "vga" instantiated altera_mm_interconnect "mm_interconnect_0"
Info: irq_mapper: "vga" instantiated altera_irq_mapper "irq_mapper"
Info: irq_synchronizer: "vga" instantiated altera_irq_clock_crosser "irq_synchronizer"
Info: avalon_st_adapter: "vga" instantiated altera_avalon_st_adapter "avalon_st_adapter"
Info: avalon_st_adapter_001: "vga" instantiated altera_avalon_st_adapter "avalon_st_adapter_001"
Info: avalon_st_adapter_002: "vga" instantiated altera_avalon_st_adapter "avalon_st_adapter_002"
Info: rst_controller: "vga" instantiated altera_reset_controller "rst_controller"
Info: cpu: Starting RTL generation for module 'vga_nios2_gen2_0_cpu'
Info: cpu:   Generation command is [exec C:/intelFPGA_lite/23.1std/quartus/bin64//perl/bin/perl.exe -I C:/intelFPGA_lite/23.1std/quartus/bin64//perl/lib -I C:/intelfpga_lite/23.1std/quartus/sopc_builder/bin/europa -I C:/intelfpga_lite/23.1std/quartus/sopc_builder/bin -I C:/intelfpga_lite/23.1std/quartus/../ip/altera/nios2_ip/altera_nios2_gen2/cpu_lib -I C:/intelfpga_lite/23.1std/quartus/../ip/altera/nios2_ip/altera_nios2_gen2/nios_lib -I C:/intelfpga_lite/23.1std/quartus/../ip/altera/nios2_ip/altera_nios2_gen2 -I C:/intelfpga_lite/23.1std/quartus/../ip/altera/nios2_ip/altera_nios2_gen2 -- C:/intelfpga_lite/23.1std/quartus/../ip/altera/nios2_ip/altera_nios2_gen2/generate_rtl.pl --name=vga_nios2_gen2_0_cpu --dir=C:/Users/mande/AppData/Local/Temp/alt0186_8365476613738172672.dir/0196_cpu_gen/ --quartus_bindir=C:/intelFPGA_lite/23.1std/quartus/bin64/ --verilog --config=C:/Users/mande/AppData/Local/Temp/alt0186_8365476613738172672.dir/0196_cpu_gen//vga_nios2_gen2_0_cpu_processor_configuration.pl  --do_build_sim=0  ]
Info: cpu: # 2025.04.08 15:20:04 (*) Starting Nios II generation
Info: cpu: # 2025.04.08 15:20:04 (*)   Elaborating CPU configuration settings
Info: cpu: # 2025.04.08 15:20:04 (*)   Creating all objects for CPU
Info: cpu: # 2025.04.08 15:20:05 (*)   Generating RTL from CPU objects
Info: cpu: # 2025.04.08 15:20:05 (*)   Creating plain-text RTL
Info: cpu: # 2025.04.08 15:20:05 (*) Done Nios II generation
Info: cpu: Done RTL generation for module 'vga_nios2_gen2_0_cpu'
Info: cpu: "nios2_gen2_0" instantiated altera_nios2_gen2_unit "cpu"
Info: video_pll: "video_pll_0" instantiated altera_up_altpll "video_pll"
Info: reset_from_locked: "video_pll_0" instantiated altera_up_avalon_reset_from_locked_signal "reset_from_locked"
Info: video_dma_controller_0_avalon_dma_master_translator: "mm_interconnect_0" instantiated altera_merlin_master_translator "video_dma_controller_0_avalon_dma_master_translator"
Info: sram_avalon_sram_slave_translator: "mm_interconnect_0" instantiated altera_merlin_slave_translator "sram_avalon_sram_slave_translator"
Info: video_dma_controller_0_avalon_dma_master_agent: "mm_interconnect_0" instantiated altera_merlin_master_agent "video_dma_controller_0_avalon_dma_master_agent"
Info: sram_avalon_sram_slave_agent: "mm_interconnect_0" instantiated altera_merlin_slave_agent "sram_avalon_sram_slave_agent"
Info: sram_avalon_sram_slave_agent_rsp_fifo: "mm_interconnect_0" instantiated altera_avalon_sc_fifo "sram_avalon_sram_slave_agent_rsp_fifo"
Info: router: "mm_interconnect_0" instantiated altera_merlin_router "router"
Info: router_002: "mm_interconnect_0" instantiated altera_merlin_router "router_002"
Info: router_003: "mm_interconnect_0" instantiated altera_merlin_router "router_003"
Info: router_004: "mm_interconnect_0" instantiated altera_merlin_router "router_004"
Info: router_005: "mm_interconnect_0" instantiated altera_merlin_router "router_005"
Info: router_011: "mm_interconnect_0" instantiated altera_merlin_router "router_011"
Info: sram_avalon_sram_slave_burst_adapter: "mm_interconnect_0" instantiated altera_merlin_burst_adapter "sram_avalon_sram_slave_burst_adapter"
Info: cmd_demux: "mm_interconnect_0" instantiated altera_merlin_demultiplexer "cmd_demux"
Info: cmd_demux_002: "mm_interconnect_0" instantiated altera_merlin_demultiplexer "cmd_demux_002"
Info: cmd_demux_003: "mm_interconnect_0" instantiated altera_merlin_demultiplexer "cmd_demux_003"
Info: cmd_mux: "mm_interconnect_0" instantiated altera_merlin_multiplexer "cmd_mux"
Info: cmd_mux_001: "mm_interconnect_0" instantiated altera_merlin_multiplexer "cmd_mux_001"
Info: Reusing file C:/Users/mande/Desktop/project/Capston/vga/vga/synthesis/submodules/altera_merlin_arbitrator.sv
Info: cmd_mux_007: "mm_interconnect_0" instantiated altera_merlin_multiplexer "cmd_mux_007"
Info: Reusing file C:/Users/mande/Desktop/project/Capston/vga/vga/synthesis/submodules/altera_merlin_arbitrator.sv
Info: rsp_demux: "mm_interconnect_0" instantiated altera_merlin_demultiplexer "rsp_demux"
Info: rsp_demux_001: "mm_interconnect_0" instantiated altera_merlin_demultiplexer "rsp_demux_001"
Info: rsp_demux_004: "mm_interconnect_0" instantiated altera_merlin_demultiplexer "rsp_demux_004"
Info: rsp_mux: "mm_interconnect_0" instantiated altera_merlin_multiplexer "rsp_mux"
Info: Reusing file C:/Users/mande/Desktop/project/Capston/vga/vga/synthesis/submodules/altera_merlin_arbitrator.sv
Info: rsp_mux_002: "mm_interconnect_0" instantiated altera_merlin_multiplexer "rsp_mux_002"
Info: Reusing file C:/Users/mande/Desktop/project/Capston/vga/vga/synthesis/submodules/altera_merlin_arbitrator.sv
Info: rsp_mux_003: "mm_interconnect_0" instantiated altera_merlin_multiplexer "rsp_mux_003"
Info: Reusing file C:/Users/mande/Desktop/project/Capston/vga/vga/synthesis/submodules/altera_merlin_arbitrator.sv
Info: nios2_gen2_0_data_master_to_sram_avalon_sram_slave_cmd_width_adapter: "mm_interconnect_0" instantiated altera_merlin_width_adapter "nios2_gen2_0_data_master_to_sram_avalon_sram_slave_cmd_width_adapter"
Info: Reusing file C:/Users/mande/Desktop/project/Capston/vga/vga/synthesis/submodules/altera_merlin_address_alignment.sv
Info: Reusing file C:/Users/mande/Desktop/project/Capston/vga/vga/synthesis/submodules/altera_merlin_burst_uncompressor.sv
Info: crosser: "mm_interconnect_0" instantiated altera_avalon_st_handshake_clock_crosser "crosser"
Info: Reusing file C:/Users/mande/Desktop/project/Capston/vga/vga/synthesis/submodules/altera_avalon_st_pipeline_base.v
Info: avalon_st_adapter: "mm_interconnect_0" instantiated altera_avalon_st_adapter "avalon_st_adapter"
Info: avalon_st_adapter_001: "mm_interconnect_0" instantiated altera_avalon_st_adapter "avalon_st_adapter_001"
Info: data_format_adapter_0: "avalon_st_adapter" instantiated data_format_adapter "data_format_adapter_0"
Info: channel_adapter_0: "avalon_st_adapter_001" instantiated channel_adapter "channel_adapter_0"
Info: data_format_adapter_0: "avalon_st_adapter_002" instantiated data_format_adapter "data_format_adapter_0"
Info: error_adapter_0: "avalon_st_adapter" instantiated error_adapter "error_adapter_0"
Info: error_adapter_0: "avalon_st_adapter_001" instantiated error_adapter "error_adapter_0"
Info: vga: Done "vga" with 65 modules, 123 files
Info: qsys-generate succeeded.
Info: Finished: Create HDL design files for synthesis
