Flow report for vga
Tue Apr  8 15:22:58 2025
Quartus Prime Version 23.1std.0 Build 991 11/28/2023 SC Lite Edition


---------------------
; Table of Contents ;
---------------------
  1. Legal Notice
  2. Flow Summary
  3. Flow Settings
  4. Flow Non-Default Global Settings
  5. Flow Elapsed Time
  6. Flow OS Summary
  7. Flow Log
  8. Flow Messages
  9. Flow Suppressed Messages



----------------
; Legal Notice ;
----------------
Copyright (C) 2023  Intel Corporation. All rights reserved.
Your use of Intel Corporation's design tools, logic functions 
and other software and tools, and any partner logic 
functions, and any output files from any of the foregoing 
(including device programming or simulation files), and any 
associated documentation or information are expressly subject 
to the terms and conditions of the Intel Program License 
Subscription Agreement, the Intel Quartus Prime License Agreement,
the Intel FPGA IP License Agreement, or other applicable license
agreement, including, without limitation, that your use is for
the sole purpose of programming logic devices manufactured by
Intel and sold by Intel or its authorized distributors.  Please
refer to the applicable agreement for further details, at
https://fpgasoftware.intel.com/eula.



+-------------------------------------------------------------------------------------+
; Flow Summary                                                                        ;
+------------------------------------+------------------------------------------------+
; Flow Status                        ; Successful - Tue Apr  8 15:22:53 2025          ;
; Quartus Prime Version              ; 23.1std.0 Build 991 11/28/2023 SC Lite Edition ;
; Revision Name                      ; vga                                            ;
; Top-level Entity Name              ; vga                                            ;
; Family                             ; Cyclone IV E                                   ;
; Device                             ; EP4CE115F29C7                                  ;
; Timing Models                      ; Final                                          ;
; Total logic elements               ; 7,546 / 114,480 ( 7 % )                        ;
;     Total combinational functions  ; 7,061 / 114,480 ( 6 % )                        ;
;     Dedicated logic registers      ; 4,197 / 114,480 ( 4 % )                        ;
; Total registers                    ; 4197                                           ;
; Total pins                         ; 88 / 529 ( 17 % )                              ;
; Total virtual pins                 ; 0                                              ;
; Total memory bits                  ; 47,424 / 3,981,312 ( 1 % )                     ;
; Embedded Multiplier 9-bit elements ; 10 / 532 ( 2 % )                               ;
; Total PLLs                         ; 1 / 4 ( 25 % )                                 ;
+------------------------------------+------------------------------------------------+


+-----------------------------------------+
; Flow Settings                           ;
+-------------------+---------------------+
; Option            ; Setting             ;
+-------------------+---------------------+
; Start date & time ; 04/08/2025 15:20:22 ;
; Main task         ; Compilation         ;
; Revision Name     ; vga                 ;
+-------------------+---------------------+


+---------------------------------------------------------------------------------------------------------------------------------------------------------------+
; Flow Non-Default Global Settings                                                                                                                              ;
+-------------------------------------+-------------------------------------------------------+---------------+-------------+-----------------------------------+
; Assignment Name                     ; Value                                                 ; Default Value ; Entity Name ; Section Id                        ;
+-------------------------------------+-------------------------------------------------------+---------------+-------------+-----------------------------------+
; COMPILER_SIGNATURE_ID               ; 143143898890505.174410582224716                       ; --            ; --          ; --                                ;
; EDA_GENERATE_FUNCTIONAL_NETLIST     ; Off                                                   ; --            ; --          ; eda_board_design_timing           ;
; EDA_GENERATE_FUNCTIONAL_NETLIST     ; Off                                                   ; --            ; --          ; eda_board_design_boundary_scan    ;
; EDA_GENERATE_FUNCTIONAL_NETLIST     ; Off                                                   ; --            ; --          ; eda_board_design_signal_integrity ;
; EDA_GENERATE_FUNCTIONAL_NETLIST     ; Off                                                   ; --            ; --          ; eda_board_design_symbol           ;
; MAX_CORE_JUNCTION_TEMP              ; 85                                                    ; --            ; --          ; --                                ;
; MIN_CORE_JUNCTION_TEMP              ; 0                                                     ; --            ; --          ; --                                ;
; MISC_FILE                           ; vga/synthesis/../vga.cmp                              ; --            ; --          ; --                                ;
; MISC_FILE                           ; vga/synthesis/../../vga.qsys                          ; --            ; --          ; --                                ;
; NOMINAL_CORE_SUPPLY_VOLTAGE         ; 1.2V                                                  ; --            ; --          ; --                                ;
; PARTITION_COLOR                     ; -- (Not supported for targeted family)                ; --            ; --          ; Top                               ;
; PARTITION_FITTER_PRESERVATION_LEVEL ; -- (Not supported for targeted family)                ; --            ; --          ; Top                               ;
; PARTITION_NETLIST_TYPE              ; -- (Not supported for targeted family)                ; --            ; --          ; Top                               ;
; POWER_BOARD_THERMAL_MODEL           ; None (CONSERVATIVE)                                   ; --            ; --          ; --                                ;
; POWER_PRESET_COOLING_SOLUTION       ; 23 MM HEAT SINK WITH 200 LFPM AIRFLOW                 ; --            ; --          ; --                                ;
; PROJECT_OUTPUT_DIRECTORY            ; output_files                                          ; --            ; --          ; --                                ;
; SLD_FILE                            ; vga/synthesis/vga.regmap                              ; --            ; --          ; --                                ;
; SLD_FILE                            ; vga/synthesis/vga.debuginfo                           ; --            ; --          ; --                                ;
; SLD_INFO                            ; QSYS_NAME vga HAS_SOPCINFO 1 GENERATION_ID 1744105778 ; --            ; --          ; --                                ;
; SOPCINFO_FILE                       ; vga/synthesis/../../vga.sopcinfo                      ; --            ; --          ; --                                ;
; SYNTHESIS_ONLY_QIP                  ; On                                                    ; --            ; --          ; --                                ;
+-------------------------------------+-------------------------------------------------------+---------------+-------------+-----------------------------------+


+--------------------------------------------------------------------------------------------------------------------------+
; Flow Elapsed Time                                                                                                        ;
+----------------------+--------------+-------------------------+---------------------+------------------------------------+
; Module Name          ; Elapsed Time ; Average Processors Used ; Peak Virtual Memory ; Total CPU Time (on all processors) ;
+----------------------+--------------+-------------------------+---------------------+------------------------------------+
; Analysis & Synthesis ; 00:01:49     ; 1.0                     ; 7978 MB             ; 00:01:09                           ;
; Fitter               ; 00:00:30     ; 1.2                     ; 6426 MB             ; 00:00:30                           ;
; Assembler            ; 00:00:04     ; 1.0                     ; 4753 MB             ; 00:00:03                           ;
; Timing Analyzer      ; 00:00:04     ; 1.6                     ; 5052 MB             ; 00:00:03                           ;
; Total                ; 00:02:27     ; --                      ; --                  ; 00:01:45                           ;
+----------------------+--------------+-------------------------+---------------------+------------------------------------+


+------------------------------------------------------------------------------------+
; Flow OS Summary                                                                    ;
+----------------------+------------------+------------+------------+----------------+
; Module Name          ; Machine Hostname ; OS Name    ; OS Version ; Processor type ;
+----------------------+------------------+------------+------------+----------------+
; Analysis & Synthesis ; LAPTOP-VKI1D3JB  ; Windows 10 ; 10.0       ; x86_64         ;
; Fitter               ; LAPTOP-VKI1D3JB  ; Windows 10 ; 10.0       ; x86_64         ;
; Assembler            ; LAPTOP-VKI1D3JB  ; Windows 10 ; 10.0       ; x86_64         ;
; Timing Analyzer      ; LAPTOP-VKI1D3JB  ; Windows 10 ; 10.0       ; x86_64         ;
+----------------------+------------------+------------+------------+----------------+


------------
; Flow Log ;
------------
quartus_map --read_settings_files=on --write_settings_files=off vga -c vga
quartus_fit --read_settings_files=off --write_settings_files=off vga -c vga
quartus_asm --read_settings_files=off --write_settings_files=off vga -c vga
quartus_sta vga -c vga



